#-----------------------------------------------------------
# Vivado v2018.2 (64-bit)
# SW Build 2258646 on Thu Jun 14 20:03:12 MDT 2018
# IP Build 2256618 on Thu Jun 14 22:10:49 MDT 2018
# Start of session at: Sun Oct 23 12:47:07 2022
# Process ID: 5844
# Current directory: A:/STUDY_MAIN/5TH SEMESTER/Inform_technologies/Owb_processor_p2
# Command line: vivado.exe -gui_launcher_event rodinguilauncherevent24368 A:\STUDY_MAIN\5TH SEMESTER\Inform_technologies\Owb_processor_p2\Own_proc_p2.xpr
# Log file: A:/STUDY_MAIN/5TH SEMESTER/Inform_technologies/Owb_processor_p2/vivado.log
# Journal file: A:/STUDY_MAIN/5TH SEMESTER/Inform_technologies/Owb_processor_p2\vivado.jou
#-----------------------------------------------------------
start_gui
open_project {A:/STUDY_MAIN/5TH SEMESTER/Inform_technologies/Owb_processor_p2/Own_proc_p2.xpr}
update_compile_order -fileset sources_1
update_ip_catalog
update_ip_catalog
synth_design -rtl -name rtl_1
launch_simulation
source testbench.tcl
close_sim
launch_simulation
launch_simulation
launch_simulation
source testbench.tcl
close_sim
launch_simulation
source testbench.tcl
close_sim
launch_simulation
source testbench.tcl
close_sim
launch_simulation
source testbench.tcl
close_sim
launch_simulation
source testbench.tcl
close_sim
launch_simulation
source testbench.tcl
close_sim
launch_simulation
source testbench.tcl
close_sim
launch_simulation
source testbench.tcl
close_sim
launch_simulation
source testbench.tcl
close_sim
launch_simulation
source testbench.tcl
close_sim
launch_simulation
source testbench.tcl
close_sim
launch_simulation
source testbench.tcl
close_sim
update_compile_order -fileset sim_1
update_compile_order -fileset sim_1
launch_simulation
source testbench.tcl
close_sim
launch_simulation
source testbench.tcl
close_sim
launch_simulation
source testbench.tcl
close_sim
launch_simulation
source testbench.tcl
close_sim
launch_simulation
source testbench.tcl
close_sim
launch_simulation
source testbench.tcl
close_sim
launch_simulation
source testbench.tcl
run all
close_sim
launch_simulation
source testbench.tcl
set_property -name {xsim.simulate.runtime} -value {3000ns} -objects [get_filesets sim_1]
update_ip_catalog
update_ip_catalog
close_sim
launch_simulation
source testbench.tcl
close_sim
launch_simulation
source testbench.tcl
close_sim
launch_simulation
source testbench.tcl
close_sim
launch_simulation
source testbench.tcl
close_sim
launch_simulation
source testbench.tcl
close_sim
launch_simulation
source testbench.tcl
close_sim
refresh_design
launch_simulation
source testbench.tcl
close_sim
launch_simulation
source testbench.tcl
close_sim
launch_simulation
source testbench.tcl
close_sim
launch_simulation
source testbench.tcl
close_sim
launch_simulation
source testbench.tcl
close_sim
launch_simulation
source testbench.tcl
close_sim
